<html>
<body>
<pre>
<h1>µVision Build Log</h1>
<h2>Tool Versions:</h2>
IDE-Version: µVision V5.41.0.0
Copyright (C) 2024 ARM Ltd and ARM Germany GmbH. All rights reserved.
License Information: fa fabio ityb Flex license: error obtaining information 
Tool Versions:
Toolchain:       MDK-Lite  Version: 5.41.0.0
Toolchain Path:  C:\Program Files\Keil_v5\ARM\ARMCLANG\Bin
C Compiler:      ArmClang.exe V6.22
Assembler:       Armasm.exe V6.22
Linker/Locator:  ArmLink.exe V6.22
Library Manager: ArmAr.exe V6.22
Hex Converter:   FromElf.exe V6.22
CPU DLL:         SARMCM3.DLL V5.41.0.0
Dialog DLL:      DARMP1.DLL V1.28.1.0
Target DLL:      UL2CM3.DLL V1.164.14.0
Dialog DLL:      TARMP1.DLL V1.27.1.0
 
<h2>Project:</h2>
\\Mac\Home\Desktop\polito-cas-landtiger-lib\Keil\sample.uvprojx
Project File Date:  01/04/2025

<h2>Output:</h2>
*** Using Compiler 'V6.22', folder: 'C:\Program Files\Keil_v5\ARM\ARMCLANG\Bin'
Build target 'SW_Debug'
creating preprocessor file for rit_job.c...
creating preprocessor file for led.c...
creating preprocessor file for rit.c...
creating preprocessor file for power.c...
creating preprocessor file for timer.c...
creating preprocessor file for timer_irq.c...
creating preprocessor file for main.c...
creating preprocessor file for system_LPC17xx.c...
creating preprocessor file for joystick.c...
compiling main.c...
creating preprocessor file for adc_pm.c...
creating preprocessor file for adc_pm_irq.c...
creating preprocessor file for dac.c...
creating preprocessor file for dac_dma.c...
creating preprocessor file for button.c...
creating preprocessor file for glcd.c...
creating preprocessor file for button_irq.c...
creating preprocessor file for GPDMA_LPC17xx.c...
creating preprocessor file for touch.c...
linking...
Program Size: Code=20236 RO-data=73328 RW-data=12 ZI-data=17628  
".\Objects\cas-base-proj.axf" - 0 Error(s), 0 Warning(s).

<h2>Software Packages used:</h2>

Package Vendor: ARM
                https://www.keil.com/pack/ARM.CMSIS.6.1.0.pack
                ARM::CMSIS@6.1.0
                CMSIS (Common Microcontroller Software Interface Standard)
   * Component: CORE Version: 6.1.0

Package Vendor: Keil
                https://www.keil.com/pack/Keil.LPC1700_DFP.2.7.2.pack
                Keil::LPC1700_DFP@2.7.2
                NXP LPC1700 Series Device Support, Drivers and Examples for MCB1700 and LPC1788-32
   * Component: GPDMA Version: 1.4.0

<h2>Collection of Component include folders:</h2>
  ./RTE/_SW_Debug
  C:/Program Files/Arm/Packs/ARM/CMSIS/6.1.0/CMSIS/Core/Include
  C:/Program Files/Arm/Packs/Keil/LPC1700_DFP/2.7.2/Device/Include
  C:/Program Files/Arm/Packs/Keil/LPC1700_DFP/2.7.2/RTE_Driver

<h2>Collection of Component Files used:</h2>

   * Component: ARM::CMSIS:CORE@6.1.0

   * Component: Keil::Device:GPDMA@1.4.0
      Include file:  RTE_Driver/GPDMA_LPC17xx.h
      Source file:   RTE_Driver/GPDMA_LPC17xx.c
Build Time Elapsed:  00:00:08
</pre>
</body>
</html>
